This file contains any messages produced by compilers while
running configure, to aid debugging if configure makes a mistake.

It was created by libusb-1.0 configure 1.0.26, which was
generated by GNU Autoconf 2.69.  Invocation command line was

  $ ./configure --host=arm-buildroot-linux-gnueabihf --prefix=/home/xuhao/work/100ask/linux-bsp-learning/notes/08-usb/libusb-1.0.26/tmp

## --------- ##
## Platform. ##
## --------- ##

hostname = lihua-server
uname -m = x86_64
uname -r = 5.4.0-144-generic
uname -s = Linux
uname -v = #161-Ubuntu SMP Fri Feb 3 14:49:04 UTC 2023

/usr/bin/uname -p = x86_64
/bin/uname -X     = unknown

/bin/arch              = x86_64
/usr/bin/arch -k       = unknown
/usr/convex/getsysinfo = unknown
/usr/bin/hostinfo      = unknown
/bin/machine           = unknown
/usr/bin/oslevel       = unknown
/bin/universe          = unknown

PATH: /home/xuhao/.local/bin
PATH: /home/xuhao/bin
PATH: /home/xuhao/.local/bin
PATH: /usr/local/sbin
PATH: /usr/local/bin
PATH: /usr/sbin
PATH: /usr/bin
PATH: /sbin
PATH: /bin
PATH: /usr/games
PATH: /usr/local/games
PATH: /snap/bin
PATH: /home/xuhao/work/100ask/eLinuxCore_100ask-t113-pro/toolchain/gcc-linaro-7.2.1-2017.11-x86_64_arm-linux-gnueabi/bin
PATH: /home/xuhao/work/100ask/eLinuxCore_100ask-t113-pro/toolchain/gcc-linaro-7.2.1-2017.11-x86_64_arm-linux-gnueabi/bin
PATH: /home/xuhao/work/100ask/imx6ull/100ask_imx6ull-sdk/ToolChain/arm-buildroot-linux-gnueabihf_sdk-buildroot/bin
PATH: /home/xuhao/work/100ask/imx6ull/100ask_imx6ull-sdk/ToolChain/arm-buildroot-linux-gnueabihf_sdk-buildroot/bin


## ----------- ##
## Core tests. ##
## ----------- ##

configure:2554: checking for arm-buildroot-linux-gnueabihf-gcc
configure:2570: found /home/xuhao/work/100ask/imx6ull/100ask_imx6ull-sdk/ToolChain/arm-buildroot-linux-gnueabihf_sdk-buildroot/bin/arm-buildroot-linux-gnueabihf-gcc
configure:2581: result: arm-buildroot-linux-gnueabihf-gcc
configure:2850: checking for C compiler version
configure:2859: arm-buildroot-linux-gnueabihf-gcc --version >&5
arm-buildroot-linux-gnueabihf-gcc.br_real (Buildroot 2020.02-gee85cab) 7.5.0
Copyright (C) 2017 Free Software Foundation, Inc.
This is free software; see the source for copying conditions.  There is NO
warranty; not even for MERCHANTABILITY or FITNESS FOR A PARTICULAR PURPOSE.

configure:2870: $? = 0
configure:2859: arm-buildroot-linux-gnueabihf-gcc -v >&5
Using built-in specs.
COLLECT_GCC=/home/xuhao/work/100ask/imx6ull/100ask_imx6ull-sdk/ToolChain/arm-buildroot-linux-gnueabihf_sdk-buildroot/bin/arm-buildroot-linux-gnueabihf-gcc.br_real
COLLECT_LTO_WRAPPER=/home/xuhao/work/100ask/imx6ull/100ask_imx6ull-sdk/ToolChain/arm-buildroot-linux-gnueabihf_sdk-buildroot/bin/../libexec/gcc/arm-buildroot-linux-gnueabihf/7.5.0/lto-wrapper
Target: arm-buildroot-linux-gnueabihf
Configured with: ./configure --prefix=/home/book/100ask_imx6ull-sdk/Buildroot_2020.02.x/output/host --sysconfdir=/home/book/100ask_imx6ull-sdk/Buildroot_2020.02.x/output/host/etc --enable-static --target=arm-buildroot-linux-gnueabihf --with-sysroot=/home/book/100ask_imx6ull-sdk/Buildroot_2020.02.x/output/host/arm-buildroot-linux-gnueabihf/sysroot --enable-__cxa_atexit --with-gnu-ld --disable-libssp --disable-multilib --disable-decimal-float --with-gmp=/home/book/100ask_imx6ull-sdk/Buildroot_2020.02.x/output/host --with-mpc=/home/book/100ask_imx6ull-sdk/Buildroot_2020.02.x/output/host --with-mpfr=/home/book/100ask_imx6ull-sdk/Buildroot_2020.02.x/output/host --with-pkgversion='Buildroot 2020.02-gee85cab' --with-bugurl=http://bugs.buildroot.net/ --disable-libquadmath --enable-tls --enable-plugins --enable-lto --enable-threads --with-isl=/home/book/100ask_imx6ull-sdk/Buildroot_2020.02.x/output/host --with-abi=aapcs-linux --with-cpu=cortex-a7 --with-fpu=neon-vfpv4 --with-float=hard --with-mode=arm --enable-languages=c,c++,fortran --with-build-time-tools=/home/book/100ask_imx6ull-sdk/Buildroot_2020.02.x/output/host/arm-buildroot-linux-gnueabihf/bin --enable-shared --enable-libgomp
Thread model: posix
gcc version 7.5.0 (Buildroot 2020.02-gee85cab) 
configure:2870: $? = 0
configure:2859: arm-buildroot-linux-gnueabihf-gcc -V >&5
arm-buildroot-linux-gnueabihf-gcc.br_real: error: unrecognized command line option '-V'
arm-buildroot-linux-gnueabihf-gcc.br_real: fatal error: no input files
compilation terminated.
configure:2870: $? = 1
configure:2859: arm-buildroot-linux-gnueabihf-gcc -qversion >&5
arm-buildroot-linux-gnueabihf-gcc.br_real: error: unrecognized command line option '-qversion'; did you mean '--version'?
arm-buildroot-linux-gnueabihf-gcc.br_real: fatal error: no input files
compilation terminated.
configure:2870: $? = 1
configure:2890: checking whether the C compiler works
configure:2912: arm-buildroot-linux-gnueabihf-gcc    conftest.c  >&5
configure:2916: $? = 0
configure:2964: result: yes
configure:2967: checking for C compiler default output file name
configure:2969: result: a.out
configure:2975: checking for suffix of executables
configure:2982: arm-buildroot-linux-gnueabihf-gcc -o conftest    conftest.c  >&5
configure:2986: $? = 0
configure:3008: result: 
configure:3030: checking whether we are cross compiling
configure:3038: arm-buildroot-linux-gnueabihf-gcc -o conftest    conftest.c  >&5
configure:3042: $? = 0
configure:3049: ./conftest
./configure: line 3051: ./conftest: cannot execute binary file: Exec format error
configure:3053: $? = 126
configure:3041: result: yes
configure:3046: checking for suffix of object files
configure:3068: arm-buildroot-linux-gnueabihf-gcc -c   conftest.c >&5
configure:3072: $? = 0
configure:3093: result: o
configure:3097: checking whether we are using the GNU C compiler
configure:3116: arm-buildroot-linux-gnueabihf-gcc -c   conftest.c >&5
configure:3116: $? = 0
configure:3125: result: yes
configure:3134: checking whether arm-buildroot-linux-gnueabihf-gcc accepts -g
configure:3154: arm-buildroot-linux-gnueabihf-gcc -c -g  conftest.c >&5
configure:3154: $? = 0
configure:3195: result: yes
configure:3212: checking for arm-buildroot-linux-gnueabihf-gcc option to accept ISO C89
configure:3275: arm-buildroot-linux-gnueabihf-gcc  -c -g -O2  conftest.c >&5
configure:3275: $? = 0
configure:3288: result: none needed
configure:3345: checking whether arm-buildroot-linux-gnueabihf-gcc understands -c and -o together
configure:3367: arm-buildroot-linux-gnueabihf-gcc -c conftest.c -o conftest2.o
configure:3370: $? = 0
configure:3367: arm-buildroot-linux-gnueabihf-gcc -c conftest.c -o conftest2.o
configure:3370: $? = 0
configure:3382: result: yes
configure:3413: checking for arm-buildroot-linux-gnueabihf-g++
configure:3429: found /home/xuhao/work/100ask/imx6ull/100ask_imx6ull-sdk/ToolChain/arm-buildroot-linux-gnueabihf_sdk-buildroot/bin/arm-buildroot-linux-gnueabihf-g++
configure:3440: result: arm-buildroot-linux-gnueabihf-g++
configure:3511: checking for C++ compiler version
configure:3520: arm-buildroot-linux-gnueabihf-g++ --version >&5
arm-buildroot-linux-gnueabihf-g++.br_real (Buildroot 2020.02-gee85cab) 7.5.0
Copyright (C) 2017 Free Software Foundation, Inc.
This is free software; see the source for copying conditions.  There is NO
warranty; not even for MERCHANTABILITY or FITNESS FOR A PARTICULAR PURPOSE.

configure:3531: $? = 0
configure:3520: arm-buildroot-linux-gnueabihf-g++ -v >&5
Using built-in specs.
COLLECT_GCC=/home/xuhao/work/100ask/imx6ull/100ask_imx6ull-sdk/ToolChain/arm-buildroot-linux-gnueabihf_sdk-buildroot/bin/arm-buildroot-linux-gnueabihf-g++.br_real
COLLECT_LTO_WRAPPER=/home/xuhao/work/100ask/imx6ull/100ask_imx6ull-sdk/ToolChain/arm-buildroot-linux-gnueabihf_sdk-buildroot/bin/../libexec/gcc/arm-buildroot-linux-gnueabihf/7.5.0/lto-wrapper
Target: arm-buildroot-linux-gnueabihf
Configured with: ./configure --prefix=/home/book/100ask_imx6ull-sdk/Buildroot_2020.02.x/output/host --sysconfdir=/home/book/100ask_imx6ull-sdk/Buildroot_2020.02.x/output/host/etc --enable-static --target=arm-buildroot-linux-gnueabihf --with-sysroot=/home/book/100ask_imx6ull-sdk/Buildroot_2020.02.x/output/host/arm-buildroot-linux-gnueabihf/sysroot --enable-__cxa_atexit --with-gnu-ld --disable-libssp --disable-multilib --disable-decimal-float --with-gmp=/home/book/100ask_imx6ull-sdk/Buildroot_2020.02.x/output/host --with-mpc=/home/book/100ask_imx6ull-sdk/Buildroot_2020.02.x/output/host --with-mpfr=/home/book/100ask_imx6ull-sdk/Buildroot_2020.02.x/output/host --with-pkgversion='Buildroot 2020.02-gee85cab' --with-bugurl=http://bugs.buildroot.net/ --disable-libquadmath --enable-tls --enable-plugins --enable-lto --enable-threads --with-isl=/home/book/100ask_imx6ull-sdk/Buildroot_2020.02.x/output/host --with-abi=aapcs-linux --with-cpu=cortex-a7 --with-fpu=neon-vfpv4 --with-float=hard --with-mode=arm --enable-languages=c,c++,fortran --with-build-time-tools=/home/book/100ask_imx6ull-sdk/Buildroot_2020.02.x/output/host/arm-buildroot-linux-gnueabihf/bin --enable-shared --enable-libgomp
Thread model: posix
gcc version 7.5.0 (Buildroot 2020.02-gee85cab) 
configure:3531: $? = 0
configure:3520: arm-buildroot-linux-gnueabihf-g++ -V >&5
arm-buildroot-linux-gnueabihf-g++.br_real: error: unrecognized command line option '-V'
arm-buildroot-linux-gnueabihf-g++.br_real: fatal error: no input files
compilation terminated.
configure:3531: $? = 1
configure:3520: arm-buildroot-linux-gnueabihf-g++ -qversion >&5
arm-buildroot-linux-gnueabihf-g++.br_real: error: unrecognized command line option '-qversion'; did you mean '--version'?
arm-buildroot-linux-gnueabihf-g++.br_real: fatal error: no input files
compilation terminated.
configure:3531: $? = 1
configure:3535: checking whether we are using the GNU C++ compiler
configure:3554: arm-buildroot-linux-gnueabihf-g++ -c   conftest.cpp >&5
configure:3554: $? = 0
configure:3563: result: yes
configure:3572: checking whether arm-buildroot-linux-gnueabihf-g++ accepts -g
configure:3592: arm-buildroot-linux-gnueabihf-g++ -c -g  conftest.cpp >&5
configure:3592: $? = 0
configure:3633: result: yes
configure:3657: checking for inline
configure:3673: arm-buildroot-linux-gnueabihf-gcc -c -g -O2  conftest.c >&5
configure:3673: $? = 0
configure:3681: result: inline
configure:3715: checking for a BSD-compatible install
configure:3783: result: /usr/bin/install -c
configure:3794: checking whether build environment is sane
configure:3849: result: yes
configure:3903: checking for arm-buildroot-linux-gnueabihf-strip
configure:3919: found /home/xuhao/work/100ask/imx6ull/100ask_imx6ull-sdk/ToolChain/arm-buildroot-linux-gnueabihf_sdk-buildroot/bin/arm-buildroot-linux-gnueabihf-strip
configure:3930: result: arm-buildroot-linux-gnueabihf-strip
configure:3995: checking for a thread-safe mkdir -p
configure:4034: result: /usr/bin/mkdir -p
configure:4041: checking for gawk
configure:4057: found /usr/bin/gawk
configure:4068: result: gawk
configure:4079: checking whether make sets $(MAKE)
configure:4101: result: yes
configure:4123: checking whether make supports the include directive
configure:4138: make -f confmf.GNU && cat confinc.out
this is the am__doit target
configure:4141: $? = 0
configure:4160: result: yes (GNU style)
configure:4193: checking whether make supports nested variables
configure:4210: result: yes
configure:4295: checking dependency style of arm-buildroot-linux-gnueabihf-gcc
configure:4406: result: gcc3
configure:4423: checking dependency style of arm-buildroot-linux-gnueabihf-g++
configure:4534: result: gcc3
configure:4621: checking build system type
configure:4635: result: x86_64-pc-linux-gnu
configure:4655: checking host system type
configure:4668: result: arm-buildroot-linux-gnueabihf
configure:4709: checking how to print strings
configure:4736: result: printf
configure:4757: checking for a sed that does not truncate output
configure:4821: result: /usr/bin/sed
configure:4839: checking for grep that handles long lines and -e
configure:4897: result: /usr/bin/grep
configure:4902: checking for egrep
configure:4964: result: /usr/bin/grep -E
configure:4969: checking for fgrep
configure:5031: result: /usr/bin/grep -F
configure:5066: checking for ld used by arm-buildroot-linux-gnueabihf-gcc
configure:5133: result: /home/xuhao/work/100ask/imx6ull/100ask_imx6ull-sdk/ToolChain/arm-buildroot-linux-gnueabihf_sdk-buildroot/arm-buildroot-linux-gnueabihf/bin/ld
configure:5140: checking if the linker (/home/xuhao/work/100ask/imx6ull/100ask_imx6ull-sdk/ToolChain/arm-buildroot-linux-gnueabihf_sdk-buildroot/arm-buildroot-linux-gnueabihf/bin/ld) is GNU ld
configure:5155: result: yes
configure:5167: checking for BSD- or MS-compatible name lister (nm)
configure:5221: result: /home/xuhao/work/100ask/imx6ull/100ask_imx6ull-sdk/ToolChain/arm-buildroot-linux-gnueabihf_sdk-buildroot/bin/arm-buildroot-linux-gnueabihf-nm -B
configure:5351: checking the name lister (/home/xuhao/work/100ask/imx6ull/100ask_imx6ull-sdk/ToolChain/arm-buildroot-linux-gnueabihf_sdk-buildroot/bin/arm-buildroot-linux-gnueabihf-nm -B) interface
configure:5358: arm-buildroot-linux-gnueabihf-gcc -c -g -O2  conftest.c >&5
configure:5361: /home/xuhao/work/100ask/imx6ull/100ask_imx6ull-sdk/ToolChain/arm-buildroot-linux-gnueabihf_sdk-buildroot/bin/arm-buildroot-linux-gnueabihf-nm -B "conftest.o"
configure:5364: output
00000000 B some_variable
configure:5365: result: BSD nm
configure:5368: checking whether ln -s works
configure:5372: result: yes
configure:5380: checking the maximum length of command line arguments
configure:5511: result: 1572864
configure:5559: checking how to convert x86_64-pc-linux-gnu file names to arm-buildroot-linux-gnueabihf format
configure:5599: result: func_convert_file_noop
configure:5606: checking how to convert x86_64-pc-linux-gnu file names to toolchain format
configure:5626: result: func_convert_file_noop
configure:5633: checking for /home/xuhao/work/100ask/imx6ull/100ask_imx6ull-sdk/ToolChain/arm-buildroot-linux-gnueabihf_sdk-buildroot/arm-buildroot-linux-gnueabihf/bin/ld option to reload object files
configure:5640: result: -r
configure:5674: checking for arm-buildroot-linux-gnueabihf-objdump
configure:5690: found /home/xuhao/work/100ask/imx6ull/100ask_imx6ull-sdk/ToolChain/arm-buildroot-linux-gnueabihf_sdk-buildroot/bin/arm-buildroot-linux-gnueabihf-objdump
configure:5701: result: arm-buildroot-linux-gnueabihf-objdump
configure:5773: checking how to recognize dependent libraries
configure:5973: result: pass_all
configure:6018: checking for arm-buildroot-linux-gnueabihf-dlltool
configure:6048: result: no
configure:6058: checking for dlltool
configure:6088: result: no
configure:6118: checking how to associate runtime and link libraries
configure:6145: result: printf %s\n
configure:6161: checking for arm-buildroot-linux-gnueabihf-ar
configure:6177: found /home/xuhao/work/100ask/imx6ull/100ask_imx6ull-sdk/ToolChain/arm-buildroot-linux-gnueabihf_sdk-buildroot/bin/arm-buildroot-linux-gnueabihf-ar
configure:6188: result: arm-buildroot-linux-gnueabihf-ar
configure:6269: checking for archiver @FILE support
configure:6286: arm-buildroot-linux-gnueabihf-gcc -c -g -O2  conftest.c >&5
configure:6286: $? = 0
configure:6289: arm-buildroot-linux-gnueabihf-ar cr libconftest.a @conftest.lst >&5
configure:6292: $? = 0
configure:6297: arm-buildroot-linux-gnueabihf-ar cr libconftest.a @conftest.lst >&5
arm-buildroot-linux-gnueabihf-ar: conftest.o: No such file or directory
configure:6300: $? = 1
configure:6299: result: @
configure:6317: checking for arm-buildroot-linux-gnueabihf-strip
configure:6344: result: arm-buildroot-linux-gnueabihf-strip
configure:6416: checking for arm-buildroot-linux-gnueabihf-ranlib
configure:6432: found /home/xuhao/work/100ask/imx6ull/100ask_imx6ull-sdk/ToolChain/arm-buildroot-linux-gnueabihf_sdk-buildroot/bin/arm-buildroot-linux-gnueabihf-ranlib
configure:6443: result: arm-buildroot-linux-gnueabihf-ranlib
configure:6585: checking command to parse /home/xuhao/work/100ask/imx6ull/100ask_imx6ull-sdk/ToolChain/arm-buildroot-linux-gnueabihf_sdk-buildroot/bin/arm-buildroot-linux-gnueabihf-nm -B output from arm-buildroot-linux-gnueabihf-gcc object
configure:6738: arm-buildroot-linux-gnueabihf-gcc -c -g -O2  conftest.c >&5
configure:6741: $? = 0
configure:6745: /home/xuhao/work/100ask/imx6ull/100ask_imx6ull-sdk/ToolChain/arm-buildroot-linux-gnueabihf_sdk-buildroot/bin/arm-buildroot-linux-gnueabihf-nm -B conftest.o | sed -n -e 's/^.*[	 ]\([ABCDGIRSTW][ABCDGIRSTW]*\)[	 ][	 ]*\([_A-Za-z][_A-Za-z0-9]*\)$/\1 \2 \2/p' | sed '/ __gnu_lto/d' > conftest.nm
configure:6811: arm-buildroot-linux-gnueabihf-gcc -o conftest -g -O2   conftest.c conftstm.o >&5
configure:6814: $? = 0
configure:6852: result: ok
configure:6899: checking for sysroot
configure:6929: result: no
configure:6936: checking for a working dd
configure:6974: result: /usr/bin/dd
configure:6978: checking how to truncate binary pipes
configure:6993: result: /usr/bin/dd bs=4096 count=1
configure:7282: checking for arm-buildroot-linux-gnueabihf-mt
configure:7312: result: no
configure:7322: checking for mt
configure:7338: found /usr/bin/mt
configure:7349: result: mt
configure:7361: WARNING: using cross tools not prefixed with host triplet
configure:7372: checking if mt is a manifest tool
configure:7378: mt '-?'
configure:7386: result: no
configure:8063: checking how to run the C preprocessor
configure:8094: arm-buildroot-linux-gnueabihf-gcc -E  conftest.c
configure:8094: $? = 0
configure:8108: arm-buildroot-linux-gnueabihf-gcc -E  conftest.c
conftest.c:11:10: fatal error: ac_nonexistent.h: No such file or directory
 #include <ac_nonexistent.h>
          ^~~~~~~~~~~~~~~~~~
compilation terminated.
configure:8108: $? = 1
configure: failed program was:
| /* confdefs.h */
| #define PACKAGE_NAME "libusb-1.0"
| #define PACKAGE_TARNAME "libusb-1.0"
| #define PACKAGE_VERSION "1.0.26"
| #define PACKAGE_STRING "libusb-1.0 1.0.26"
| #define PACKAGE_BUGREPORT "libusb-devel@lists.sourceforge.net"
| #define PACKAGE_URL "http://libusb.info"
| #define PACKAGE "libusb-1.0"
| #define VERSION "1.0.26"
| /* end confdefs.h.  */
| #include <ac_nonexistent.h>
configure:8133: result: arm-buildroot-linux-gnueabihf-gcc -E
configure:8153: arm-buildroot-linux-gnueabihf-gcc -E  conftest.c
configure:8153: $? = 0
configure:8167: arm-buildroot-linux-gnueabihf-gcc -E  conftest.c
conftest.c:11:10: fatal error: ac_nonexistent.h: No such file or directory
 #include <ac_nonexistent.h>
          ^~~~~~~~~~~~~~~~~~
compilation terminated.
configure:8167: $? = 1
configure: failed program was:
| /* confdefs.h */
| #define PACKAGE_NAME "libusb-1.0"
| #define PACKAGE_TARNAME "libusb-1.0"
| #define PACKAGE_VERSION "1.0.26"
| #define PACKAGE_STRING "libusb-1.0 1.0.26"
| #define PACKAGE_BUGREPORT "libusb-devel@lists.sourceforge.net"
| #define PACKAGE_URL "http://libusb.info"
| #define PACKAGE "libusb-1.0"
| #define VERSION "1.0.26"
| /* end confdefs.h.  */
| #include <ac_nonexistent.h>
configure:8196: checking for ANSI C header files
configure:8216: arm-buildroot-linux-gnueabihf-gcc -c -g -O2  conftest.c >&5
configure:8216: $? = 0
configure:8300: result: yes
configure:8313: checking for sys/types.h
configure:8313: arm-buildroot-linux-gnueabihf-gcc -c -g -O2  conftest.c >&5
configure:8313: $? = 0
configure:8313: result: yes
configure:8313: checking for sys/stat.h
configure:8313: arm-buildroot-linux-gnueabihf-gcc -c -g -O2  conftest.c >&5
configure:8313: $? = 0
configure:8313: result: yes
configure:8313: checking for stdlib.h
configure:8313: arm-buildroot-linux-gnueabihf-gcc -c -g -O2  conftest.c >&5
configure:8313: $? = 0
configure:8313: result: yes
configure:8313: checking for string.h
configure:8313: arm-buildroot-linux-gnueabihf-gcc -c -g -O2  conftest.c >&5
configure:8313: $? = 0
configure:8313: result: yes
configure:8313: checking for memory.h
configure:8313: arm-buildroot-linux-gnueabihf-gcc -c -g -O2  conftest.c >&5
configure:8313: $? = 0
configure:8313: result: yes
configure:8313: checking for strings.h
configure:8313: arm-buildroot-linux-gnueabihf-gcc -c -g -O2  conftest.c >&5
configure:8313: $? = 0
configure:8313: result: yes
configure:8313: checking for inttypes.h
configure:8313: arm-buildroot-linux-gnueabihf-gcc -c -g -O2  conftest.c >&5
configure:8313: $? = 0
configure:8313: result: yes
configure:8313: checking for stdint.h
configure:8313: arm-buildroot-linux-gnueabihf-gcc -c -g -O2  conftest.c >&5
configure:8313: $? = 0
configure:8313: result: yes
configure:8313: checking for unistd.h
configure:8313: arm-buildroot-linux-gnueabihf-gcc -c -g -O2  conftest.c >&5
configure:8313: $? = 0
configure:8313: result: yes
configure:8327: checking for dlfcn.h
configure:8327: arm-buildroot-linux-gnueabihf-gcc -c -g -O2  conftest.c >&5
configure:8327: $? = 0
configure:8327: result: yes
configure:8594: checking for objdir
configure:8609: result: .libs
configure:8873: checking if arm-buildroot-linux-gnueabihf-gcc supports -fno-rtti -fno-exceptions
configure:8891: arm-buildroot-linux-gnueabihf-gcc -c -g -O2  -fno-rtti -fno-exceptions conftest.c >&5
cc1: warning: command line option '-fno-rtti' is valid for C++/ObjC++ but not for C
configure:8895: $? = 0
configure:8908: result: no
configure:9272: checking for arm-buildroot-linux-gnueabihf-gcc option to produce PIC
configure:9279: result: -fPIC -DPIC
configure:9287: checking if arm-buildroot-linux-gnueabihf-gcc PIC flag -fPIC -DPIC works
configure:9305: arm-buildroot-linux-gnueabihf-gcc -c -g -O2  -fPIC -DPIC -DPIC conftest.c >&5
configure:9309: $? = 0
configure:9322: result: yes
configure:9351: checking if arm-buildroot-linux-gnueabihf-gcc static flag -static works
configure:9379: result: yes
configure:9394: checking if arm-buildroot-linux-gnueabihf-gcc supports -c -o file.o
configure:9415: arm-buildroot-linux-gnueabihf-gcc -c -g -O2  -o out/conftest2.o conftest.c >&5
configure:9419: $? = 0
configure:9441: result: yes
configure:9449: checking if arm-buildroot-linux-gnueabihf-gcc supports -c -o file.o
configure:9496: result: yes
configure:9529: checking whether the arm-buildroot-linux-gnueabihf-gcc linker (/home/xuhao/work/100ask/imx6ull/100ask_imx6ull-sdk/ToolChain/arm-buildroot-linux-gnueabihf_sdk-buildroot/arm-buildroot-linux-gnueabihf/bin/ld) supports shared libraries
configure:10792: result: yes
configure:10829: checking whether -lc should be explicitly linked in
configure:10837: arm-buildroot-linux-gnueabihf-gcc -c -g -O2  conftest.c >&5
configure:10840: $? = 0
configure:10855: arm-buildroot-linux-gnueabihf-gcc -shared  -fPIC -DPIC conftest.o  -v -Wl,-soname -Wl,conftest -o conftest 2\>\&1 \| /usr/bin/grep  -lc  \>/dev/null 2\>\&1
configure:10858: $? = 0
configure:10872: result: no
configure:11032: checking dynamic linker characteristics
configure:11613: arm-buildroot-linux-gnueabihf-gcc -o conftest -g -O2   -Wl,-rpath -Wl,/foo conftest.c  >&5
configure:11613: $? = 0
configure:11862: result: GNU/Linux ld.so
configure:11984: checking how to hardcode library paths into programs
configure:12009: result: immediate
configure:12557: checking whether stripping libraries is possible
configure:12562: result: yes
configure:12597: checking if libtool supports shared libraries
configure:12599: result: yes
configure:12602: checking whether to build shared libraries
configure:12627: result: yes
configure:12630: checking whether to build static libraries
configure:12634: result: yes
configure:9433: checking how to run the C++ preprocessor
configure:9460: arm-buildroot-linux-gnueabihf-g++ -E  conftest.cpp
configure:9460: $? = 0
configure:9474: arm-buildroot-linux-gnueabihf-g++ -E  conftest.cpp
conftest.cpp:23:10: fatal error: ac_nonexistent.h: No such file or directory
 #include <ac_nonexistent.h>
          ^~~~~~~~~~~~~~~~~~
compilation terminated.
configure:9474: $? = 1
configure: failed program was:
| /* confdefs.h */
| #define PACKAGE_NAME "libusb-1.0"
| #define PACKAGE_TARNAME "libusb-1.0"
| #define PACKAGE_VERSION "1.0.26"
| #define PACKAGE_STRING "libusb-1.0 1.0.26"
| #define PACKAGE_BUGREPORT "libusb-devel@lists.sourceforge.net"
| #define PACKAGE_URL "http://libusb.info"
| #define PACKAGE "libusb-1.0"
| #define VERSION "1.0.26"
| #define STDC_HEADERS 1
| #define HAVE_SYS_TYPES_H 1
| #define HAVE_SYS_STAT_H 1
| #define HAVE_STDLIB_H 1
| #define HAVE_STRING_H 1
| #define HAVE_MEMORY_H 1
| #define HAVE_STRINGS_H 1
| #define HAVE_INTTYPES_H 1
| #define HAVE_STDINT_H 1
| #define HAVE_UNISTD_H 1
| #define HAVE_DLFCN_H 1
| #define LT_OBJDIR ".libs/"
| /* end confdefs.h.  */
| #include <ac_nonexistent.h>
configure:9499: result: arm-buildroot-linux-gnueabihf-g++ -E
configure:9519: arm-buildroot-linux-gnueabihf-g++ -E  conftest.cpp
configure:9519: $? = 0
configure:9533: arm-buildroot-linux-gnueabihf-g++ -E  conftest.cpp
conftest.cpp:23:10: fatal error: ac_nonexistent.h: No such file or directory
 #include <ac_nonexistent.h>
          ^~~~~~~~~~~~~~~~~~
compilation terminated.
configure:9533: $? = 1
configure: failed program was:
| /* confdefs.h */
| #define PACKAGE_NAME "libusb-1.0"
| #define PACKAGE_TARNAME "libusb-1.0"
| #define PACKAGE_VERSION "1.0.26"
| #define PACKAGE_STRING "libusb-1.0 1.0.26"
| #define PACKAGE_BUGREPORT "libusb-devel@lists.sourceforge.net"
| #define PACKAGE_URL "http://libusb.info"
| #define PACKAGE "libusb-1.0"
| #define VERSION "1.0.26"
| #define STDC_HEADERS 1
| #define HAVE_SYS_TYPES_H 1
| #define HAVE_SYS_STAT_H 1
| #define HAVE_STDLIB_H 1
| #define HAVE_STRING_H 1
| #define HAVE_MEMORY_H 1
| #define HAVE_STRINGS_H 1
| #define HAVE_INTTYPES_H 1
| #define HAVE_STDINT_H 1
| #define HAVE_UNISTD_H 1
| #define HAVE_DLFCN_H 1
| #define LT_OBJDIR ".libs/"
| /* end confdefs.h.  */
| #include <ac_nonexistent.h>
configure:9695: checking for ld used by arm-buildroot-linux-gnueabihf-g++
configure:9762: result: /home/xuhao/work/100ask/imx6ull/100ask_imx6ull-sdk/ToolChain/arm-buildroot-linux-gnueabihf_sdk-buildroot/arm-buildroot-linux-gnueabihf/bin/ld
configure:9769: checking if the linker (/home/xuhao/work/100ask/imx6ull/100ask_imx6ull-sdk/ToolChain/arm-buildroot-linux-gnueabihf_sdk-buildroot/arm-buildroot-linux-gnueabihf/bin/ld) is GNU ld
configure:9784: result: yes
configure:9839: checking whether the arm-buildroot-linux-gnueabihf-g++ linker (/home/xuhao/work/100ask/imx6ull/100ask_imx6ull-sdk/ToolChain/arm-buildroot-linux-gnueabihf_sdk-buildroot/arm-buildroot-linux-gnueabihf/bin/ld) supports shared libraries
configure:10912: result: yes
configure:10948: arm-buildroot-linux-gnueabihf-g++ -c -g -O2  conftest.cpp >&5
configure:10951: $? = 0
configure:11432: checking for arm-buildroot-linux-gnueabihf-g++ option to produce PIC
configure:11439: result: -fPIC -DPIC
configure:11447: checking if arm-buildroot-linux-gnueabihf-g++ PIC flag -fPIC -DPIC works
configure:11465: arm-buildroot-linux-gnueabihf-g++ -c -g -O2  -fPIC -DPIC -DPIC conftest.cpp >&5
configure:11469: $? = 0
configure:11482: result: yes
configure:11505: checking if arm-buildroot-linux-gnueabihf-g++ static flag -static works
configure:11533: result: yes
configure:11545: checking if arm-buildroot-linux-gnueabihf-g++ supports -c -o file.o
configure:11566: arm-buildroot-linux-gnueabihf-g++ -c -g -O2  -o out/conftest2.o conftest.cpp >&5
configure:11570: $? = 0
configure:11592: result: yes
configure:11597: checking if arm-buildroot-linux-gnueabihf-g++ supports -c -o file.o
configure:11644: result: yes
configure:11674: checking whether the arm-buildroot-linux-gnueabihf-g++ linker (/home/xuhao/work/100ask/imx6ull/100ask_imx6ull-sdk/ToolChain/arm-buildroot-linux-gnueabihf_sdk-buildroot/arm-buildroot-linux-gnueabihf/bin/ld) supports shared libraries
configure:11717: result: yes
configure:11858: checking dynamic linker characteristics
configure:12615: result: GNU/Linux ld.so
configure:12680: checking how to hardcode library paths into programs
configure:12705: result: immediate
configure:11600: checking for arm-buildroot-linux-gnueabihf-windres
configure:11630: result: no
configure:11640: checking for windres
configure:11670: result: no
configure:11784: checking whether make supports nested variables
configure:11801: result: yes
configure:11818: checking if arm-buildroot-linux-gnueabihf-gcc supports -std=gnu11
configure:11831: arm-buildroot-linux-gnueabihf-gcc -c -std=gnu11  conftest.c >&5
configure:11831: $? = 0
configure:11832: result: yes
configure:11881: checking operating system
configure:11904: result: Linux
configure:11961: checking for nfds_t
configure:11961: arm-buildroot-linux-gnueabihf-gcc -c -g -O2  conftest.c >&5
configure:11961: $? = 0
configure:11961: arm-buildroot-linux-gnueabihf-gcc -c -g -O2  conftest.c >&5
conftest.c: In function 'main':
conftest.c:32:21: error: expected expression before ')' token
 if (sizeof ((nfds_t)))
                     ^
configure:11961: $? = 1
configure: failed program was:
| /* confdefs.h */
| #define PACKAGE_NAME "libusb-1.0"
| #define PACKAGE_TARNAME "libusb-1.0"
| #define PACKAGE_VERSION "1.0.26"
| #define PACKAGE_STRING "libusb-1.0 1.0.26"
| #define PACKAGE_BUGREPORT "libusb-devel@lists.sourceforge.net"
| #define PACKAGE_URL "http://libusb.info"
| #define PACKAGE "libusb-1.0"
| #define VERSION "1.0.26"
| #define STDC_HEADERS 1
| #define HAVE_SYS_TYPES_H 1
| #define HAVE_SYS_STAT_H 1
| #define HAVE_STDLIB_H 1
| #define HAVE_STRING_H 1
| #define HAVE_MEMORY_H 1
| #define HAVE_STRINGS_H 1
| #define HAVE_INTTYPES_H 1
| #define HAVE_STDINT_H 1
| #define HAVE_UNISTD_H 1
| #define HAVE_DLFCN_H 1
| #define LT_OBJDIR ".libs/"
| #define _GNU_SOURCE 1
| #define DEFAULT_VISIBILITY __attribute__ ((visibility ("default")))
| #define PRINTF_FORMAT(a, b) __attribute__ ((__format__ (__printf__, a, b)))
| #define PLATFORM_POSIX 1
| /* end confdefs.h.  */
| #include <poll.h>
| 
| int
| main ()
| {
| if (sizeof ((nfds_t)))
| 	    return 0;
|   ;
|   return 0;
| }
configure:11961: result: yes
configure:11974: checking for pipe2
configure:11974: arm-buildroot-linux-gnueabihf-gcc -o conftest -g -O2   conftest.c  >&5
configure:11974: $? = 0
configure:11974: result: yes
configure:11985: checking if arm-buildroot-linux-gnueabihf-gcc recognizes -pthread
configure:11998: arm-buildroot-linux-gnueabihf-gcc -c -Wall -Werror -pthread  conftest.c >&5
configure:11998: $? = 0
configure:11999: result: yes
configure:12009: checking for library containing pthread_create
configure:12040: arm-buildroot-linux-gnueabihf-gcc -o conftest -g -O2   conftest.c  >&5
/home/xuhao/work/100ask/imx6ull/100ask_imx6ull-sdk/ToolChain/arm-buildroot-linux-gnueabihf_sdk-buildroot/bin/../lib/gcc/arm-buildroot-linux-gnueabihf/7.5.0/../../../../arm-buildroot-linux-gnueabihf/bin/ld: /tmp/ccNZRTNr.o: in function `main':
/home/xuhao/work/100ask/linux-bsp-learning/notes/08-usb/libusb-1.0.26/conftest.c:40: undefined reference to `pthread_create'
collect2: error: ld returned 1 exit status
configure:12040: $? = 1
configure: failed program was:
| /* confdefs.h */
| #define PACKAGE_NAME "libusb-1.0"
| #define PACKAGE_TARNAME "libusb-1.0"
| #define PACKAGE_VERSION "1.0.26"
| #define PACKAGE_STRING "libusb-1.0 1.0.26"
| #define PACKAGE_BUGREPORT "libusb-devel@lists.sourceforge.net"
| #define PACKAGE_URL "http://libusb.info"
| #define PACKAGE "libusb-1.0"
| #define VERSION "1.0.26"
| #define STDC_HEADERS 1
| #define HAVE_SYS_TYPES_H 1
| #define HAVE_SYS_STAT_H 1
| #define HAVE_STDLIB_H 1
| #define HAVE_STRING_H 1
| #define HAVE_MEMORY_H 1
| #define HAVE_STRINGS_H 1
| #define HAVE_INTTYPES_H 1
| #define HAVE_STDINT_H 1
| #define HAVE_UNISTD_H 1
| #define HAVE_DLFCN_H 1
| #define LT_OBJDIR ".libs/"
| #define _GNU_SOURCE 1
| #define DEFAULT_VISIBILITY __attribute__ ((visibility ("default")))
| #define PRINTF_FORMAT(a, b) __attribute__ ((__format__ (__printf__, a, b)))
| #define PLATFORM_POSIX 1
| #define HAVE_NFDS_T 1
| #define HAVE_PIPE2 1
| /* end confdefs.h.  */
| 
| /* Override any GCC internal prototype to avoid an error.
|    Use char because int might match the return type of a GCC
|    builtin and then its argument prototype would still apply.  */
| #ifdef __cplusplus
| extern "C"
| #endif
| char pthread_create ();
| int
| main ()
| {
| return pthread_create ();
|   ;
|   return 0;
| }
configure:12040: arm-buildroot-linux-gnueabihf-gcc -o conftest -g -O2   conftest.c -lpthread   >&5
configure:12040: $? = 0
configure:12057: result: -lpthread
configure:12066: checking for library containing __atomic_fetch_add_4
configure:12097: arm-buildroot-linux-gnueabihf-gcc -o conftest -g -O2   conftest.c -lpthread  >&5
conftest.c:36:6: warning: conflicting types for built-in function '__atomic_fetch_add_4' [-Wbuiltin-declaration-mismatch]
 char __atomic_fetch_add_4 ();
      ^~~~~~~~~~~~~~~~~~~~
/home/xuhao/work/100ask/imx6ull/100ask_imx6ull-sdk/ToolChain/arm-buildroot-linux-gnueabihf_sdk-buildroot/bin/../lib/gcc/arm-buildroot-linux-gnueabihf/7.5.0/../../../../arm-buildroot-linux-gnueabihf/bin/ld: /tmp/ccxjZx4k.o: in function `main':
/home/xuhao/work/100ask/linux-bsp-learning/notes/08-usb/libusb-1.0.26/conftest.c:40: undefined reference to `__atomic_fetch_add_4'
collect2: error: ld returned 1 exit status
configure:12097: $? = 1
configure: failed program was:
| /* confdefs.h */
| #define PACKAGE_NAME "libusb-1.0"
| #define PACKAGE_TARNAME "libusb-1.0"
| #define PACKAGE_VERSION "1.0.26"
| #define PACKAGE_STRING "libusb-1.0 1.0.26"
| #define PACKAGE_BUGREPORT "libusb-devel@lists.sourceforge.net"
| #define PACKAGE_URL "http://libusb.info"
| #define PACKAGE "libusb-1.0"
| #define VERSION "1.0.26"
| #define STDC_HEADERS 1
| #define HAVE_SYS_TYPES_H 1
| #define HAVE_SYS_STAT_H 1
| #define HAVE_STDLIB_H 1
| #define HAVE_STRING_H 1
| #define HAVE_MEMORY_H 1
| #define HAVE_STRINGS_H 1
| #define HAVE_INTTYPES_H 1
| #define HAVE_STDINT_H 1
| #define HAVE_UNISTD_H 1
| #define HAVE_DLFCN_H 1
| #define LT_OBJDIR ".libs/"
| #define _GNU_SOURCE 1
| #define DEFAULT_VISIBILITY __attribute__ ((visibility ("default")))
| #define PRINTF_FORMAT(a, b) __attribute__ ((__format__ (__printf__, a, b)))
| #define PLATFORM_POSIX 1
| #define HAVE_NFDS_T 1
| #define HAVE_PIPE2 1
| /* end confdefs.h.  */
| 
| /* Override any GCC internal prototype to avoid an error.
|    Use char because int might match the return type of a GCC
|    builtin and then its argument prototype would still apply.  */
| #ifdef __cplusplus
| extern "C"
| #endif
| char __atomic_fetch_add_4 ();
| int
| main ()
| {
| return __atomic_fetch_add_4 ();
|   ;
|   return 0;
| }
configure:12097: arm-buildroot-linux-gnueabihf-gcc -o conftest -g -O2   conftest.c -latomic  -lpthread  >&5
conftest.c:36:6: warning: conflicting types for built-in function '__atomic_fetch_add_4' [-Wbuiltin-declaration-mismatch]
 char __atomic_fetch_add_4 ();
      ^~~~~~~~~~~~~~~~~~~~
configure:12097: $? = 0
configure:12114: result: -latomic
configure:12161: checking for library containing clock_gettime
configure:12192: arm-buildroot-linux-gnueabihf-gcc -o conftest -g -O2   conftest.c -latomic -lpthread  >&5
configure:12192: $? = 0
configure:12209: result: none required
configure:12219: checking for pthread_setname_np
configure:12219: arm-buildroot-linux-gnueabihf-gcc -o conftest -g -O2   conftest.c -latomic -lpthread  >&5
configure:12219: $? = 0
configure:12219: result: yes
configure:12236: checking libudev.h usability
configure:12236: arm-buildroot-linux-gnueabihf-gcc -c -g -O2  conftest.c >&5
configure:12236: $? = 0
configure:12236: result: yes
configure:12236: checking libudev.h presence
configure:12236: arm-buildroot-linux-gnueabihf-gcc -E  conftest.c
configure:12236: $? = 0
configure:12236: result: yes
configure:12236: checking for libudev.h
configure:12236: result: yes
configure:12244: checking for udev_new in -ludev
configure:12269: arm-buildroot-linux-gnueabihf-gcc -o conftest -g -O2   conftest.c -ludev  -latomic -lpthread  >&5
configure:12269: $? = 0
configure:12278: result: yes
configure:12304: checking for arm-buildroot-linux-gnueabihf-pkg-config
configure:12337: result: no
configure:12347: checking for pkg-config
configure:12365: found /usr/bin/pkg-config
configure:12377: result: /usr/bin/pkg-config
configure:12402: checking pkg-config is at least version 0.9.0
configure:12405: result: yes
configure:12415: checking for UMOCKDEV
configure:12422: $PKG_CONFIG --exists --print-errors "umockdev-1.0 >= 0.16.0"
Package umockdev-1.0 was not found in the pkg-config search path.
Perhaps you should add the directory containing `umockdev-1.0.pc'
to the PKG_CONFIG_PATH environment variable
No package 'umockdev-1.0' found
configure:12425: $? = 1
configure:12439: $PKG_CONFIG --exists --print-errors "umockdev-1.0 >= 0.16.0"
Package umockdev-1.0 was not found in the pkg-config search path.
Perhaps you should add the directory containing `umockdev-1.0.pc'
to the PKG_CONFIG_PATH environment variable
No package 'umockdev-1.0' found
configure:12442: $? = 1
configure:12456: result: no
No package 'umockdev-1.0' found
configure:12486: checking for UMOCKDEV_HOTPLUG
configure:12493: $PKG_CONFIG --exists --print-errors "umockdev-1.0 >= 0.17.7"
Package umockdev-1.0 was not found in the pkg-config search path.
Perhaps you should add the directory containing `umockdev-1.0.pc'
to the PKG_CONFIG_PATH environment variable
No package 'umockdev-1.0' found
configure:12496: $? = 1
configure:12510: $PKG_CONFIG --exists --print-errors "umockdev-1.0 >= 0.17.7"
Package umockdev-1.0 was not found in the pkg-config search path.
Perhaps you should add the directory containing `umockdev-1.0.pc'
to the PKG_CONFIG_PATH environment variable
No package 'umockdev-1.0' found
configure:12513: $? = 1
configure:12527: result: no
No package 'umockdev-1.0' found
configure:12617: checking sys/time.h usability
configure:12617: arm-buildroot-linux-gnueabihf-gcc -c -g -O2  conftest.c >&5
configure:12617: $? = 0
configure:12617: result: yes
configure:12617: checking sys/time.h presence
configure:12617: arm-buildroot-linux-gnueabihf-gcc -E  conftest.c
configure:12617: $? = 0
configure:12617: result: yes
configure:12617: checking for sys/time.h
configure:12617: result: yes
configure:12679: checking for clock_gettime
configure:12679: arm-buildroot-linux-gnueabihf-gcc -o conftest -g -O2   conftest.c -ludev -latomic -lpthread  >&5
configure:12679: $? = 0
configure:12679: result: yes
configure:12693: checking whether CLOCK_MONOTONIC is declared
configure:12693: arm-buildroot-linux-gnueabihf-gcc -c -g -O2  conftest.c >&5
configure:12693: $? = 0
configure:12693: result: yes
configure:12703: checking for pthread_condattr_setclock
configure:12703: arm-buildroot-linux-gnueabihf-gcc -o conftest -g -O2   conftest.c -ludev -latomic -lpthread  >&5
configure:12703: $? = 0
configure:12703: result: yes
configure:12736: checking sys/eventfd.h usability
configure:12736: arm-buildroot-linux-gnueabihf-gcc -c -g -O2  conftest.c >&5
configure:12736: $? = 0
configure:12736: result: yes
configure:12736: checking sys/eventfd.h presence
configure:12736: arm-buildroot-linux-gnueabihf-gcc -E  conftest.c
configure:12736: $? = 0
configure:12736: result: yes
configure:12736: checking for sys/eventfd.h
configure:12736: result: yes
configure:12745: checking whether EFD_NONBLOCK is declared
configure:12745: arm-buildroot-linux-gnueabihf-gcc -c -g -O2  conftest.c >&5
configure:12745: $? = 0
configure:12745: result: yes
configure:12761: checking whether EFD_CLOEXEC is declared
configure:12761: arm-buildroot-linux-gnueabihf-gcc -c -g -O2  conftest.c >&5
configure:12761: $? = 0
configure:12761: result: yes
configure:12779: checking for eventfd
configure:12779: arm-buildroot-linux-gnueabihf-gcc -o conftest -g -O2   conftest.c -ludev -latomic -lpthread  >&5
configure:12779: $? = 0
configure:12779: result: yes
configure:12800: checking whether to use eventfd for signalling
configure:12815: result: yes
configure:12829: checking sys/timerfd.h usability
configure:12829: arm-buildroot-linux-gnueabihf-gcc -c -g -O2  conftest.c >&5
configure:12829: $? = 0
configure:12829: result: yes
configure:12829: checking sys/timerfd.h presence
configure:12829: arm-buildroot-linux-gnueabihf-gcc -E  conftest.c
configure:12829: $? = 0
configure:12829: result: yes
configure:12829: checking for sys/timerfd.h
configure:12829: result: yes
configure:12838: checking whether TFD_NONBLOCK is declared
configure:12838: arm-buildroot-linux-gnueabihf-gcc -c -g -O2  conftest.c >&5
configure:12838: $? = 0
configure:12838: result: yes
configure:12854: checking whether TFD_CLOEXEC is declared
configure:12854: arm-buildroot-linux-gnueabihf-gcc -c -g -O2  conftest.c >&5
configure:12854: $? = 0
configure:12854: result: yes
configure:12872: checking for timerfd_create
configure:12872: arm-buildroot-linux-gnueabihf-gcc -o conftest -g -O2   conftest.c -ludev -latomic -lpthread  >&5
configure:12872: $? = 0
configure:12872: result: yes
configure:12893: checking whether to use timerfd for timing
configure:12908: result: yes
configure:13266: checking that generated files are newer than configure
configure:13272: result: done
configure:13359: creating ./config.status

## ---------------------- ##
## Running config.status. ##
## ---------------------- ##

This file was extended by libusb-1.0 config.status 1.0.26, which was
generated by GNU Autoconf 2.69.  Invocation command line was

  CONFIG_FILES    = 
  CONFIG_HEADERS  = 
  CONFIG_LINKS    = 
  CONFIG_COMMANDS = 
  $ ./config.status 

on lihua-server

config.status:1267: creating libusb-1.0.pc
config.status:1267: creating Makefile
config.status:1267: creating libusb/Makefile
config.status:1267: creating examples/Makefile
config.status:1267: creating tests/Makefile
config.status:1267: creating doc/Makefile
config.status:1267: creating doc/doxygen.cfg
config.status:1267: creating config.h
config.status:1448: config.h is unchanged
config.status:1496: executing depfiles commands
config.status:1573: cd libusb       && sed -e '/# am--include-marker/d' Makefile         | make -f - am--depfiles
make: Nothing to be done for 'am--depfiles'.
config.status:1578: $? = 0
config.status:1573: cd examples       && sed -e '/# am--include-marker/d' Makefile         | make -f - am--depfiles
make: Nothing to be done for 'am--depfiles'.
config.status:1578: $? = 0
config.status:1573: cd tests       && sed -e '/# am--include-marker/d' Makefile         | make -f - am--depfiles
make: Nothing to be done for 'am--depfiles'.
config.status:1578: $? = 0
config.status:1496: executing libtool commands

## ---------------- ##
## Cache variables. ##
## ---------------- ##

ac_cv_build=x86_64-pc-linux-gnu
ac_cv_c_compiler_gnu=yes
ac_cv_c_inline=inline
ac_cv_cxx_compiler_gnu=yes
ac_cv_env_CCC_set=
ac_cv_env_CCC_value=
ac_cv_env_CC_set=
ac_cv_env_CC_value=
ac_cv_env_CFLAGS_set=
ac_cv_env_CFLAGS_value=
ac_cv_env_CPPFLAGS_set=
ac_cv_env_CPPFLAGS_value=
ac_cv_env_CPP_set=
ac_cv_env_CPP_value=
ac_cv_env_CXXCPP_set=
ac_cv_env_CXXCPP_value=
ac_cv_env_CXXFLAGS_set=
ac_cv_env_CXXFLAGS_value=
ac_cv_env_CXX_set=
ac_cv_env_CXX_value=
ac_cv_env_LDFLAGS_set=
ac_cv_env_LDFLAGS_value=
ac_cv_env_LIBS_set=
ac_cv_env_LIBS_value=
ac_cv_env_LT_SYS_LIBRARY_PATH_set=
ac_cv_env_LT_SYS_LIBRARY_PATH_value=
ac_cv_env_PKG_CONFIG_LIBDIR_set=
ac_cv_env_PKG_CONFIG_LIBDIR_value=
ac_cv_env_PKG_CONFIG_PATH_set=
ac_cv_env_PKG_CONFIG_PATH_value=
ac_cv_env_PKG_CONFIG_set=
ac_cv_env_PKG_CONFIG_value=
ac_cv_env_UMOCKDEV_CFLAGS_set=
ac_cv_env_UMOCKDEV_CFLAGS_value=
ac_cv_env_UMOCKDEV_HOTPLUG_CFLAGS_set=
ac_cv_env_UMOCKDEV_HOTPLUG_CFLAGS_value=
ac_cv_env_UMOCKDEV_HOTPLUG_LIBS_set=
ac_cv_env_UMOCKDEV_HOTPLUG_LIBS_value=
ac_cv_env_UMOCKDEV_LIBS_set=
ac_cv_env_UMOCKDEV_LIBS_value=
ac_cv_env_build_alias_set=
ac_cv_env_build_alias_value=
ac_cv_env_host_alias_set=set
ac_cv_env_host_alias_value=arm-buildroot-linux-gnueabihf
ac_cv_env_target_alias_set=
ac_cv_env_target_alias_value=
ac_cv_func_clock_gettime=yes
ac_cv_func_eventfd=yes
ac_cv_func_pipe2=yes
ac_cv_func_pthread_condattr_setclock=yes
ac_cv_func_pthread_setname_np=yes
ac_cv_func_timerfd_create=yes
ac_cv_have_decl_CLOCK_MONOTONIC=yes
ac_cv_have_decl_EFD_CLOEXEC=yes
ac_cv_have_decl_EFD_NONBLOCK=yes
ac_cv_have_decl_TFD_CLOEXEC=yes
ac_cv_have_decl_TFD_NONBLOCK=yes
ac_cv_header_dlfcn_h=yes
ac_cv_header_inttypes_h=yes
ac_cv_header_libudev_h=yes
ac_cv_header_memory_h=yes
ac_cv_header_stdc=yes
ac_cv_header_stdint_h=yes
ac_cv_header_stdlib_h=yes
ac_cv_header_string_h=yes
ac_cv_header_strings_h=yes
ac_cv_header_sys_eventfd_h=yes
ac_cv_header_sys_stat_h=yes
ac_cv_header_sys_time_h=yes
ac_cv_header_sys_timerfd_h=yes
ac_cv_header_sys_types_h=yes
ac_cv_header_unistd_h=yes
ac_cv_host=arm-buildroot-linux-gnueabihf
ac_cv_lib_udev_udev_new=yes
ac_cv_objext=o
ac_cv_path_EGREP='/usr/bin/grep -E'
ac_cv_path_FGREP='/usr/bin/grep -F'
ac_cv_path_GREP=/usr/bin/grep
ac_cv_path_SED=/usr/bin/sed
ac_cv_path_ac_pt_PKG_CONFIG=/usr/bin/pkg-config
ac_cv_path_install='/usr/bin/install -c'
ac_cv_path_lt_DD=/usr/bin/dd
ac_cv_path_mkdir=/usr/bin/mkdir
ac_cv_prog_AR=arm-buildroot-linux-gnueabihf-ar
ac_cv_prog_AWK=gawk
ac_cv_prog_CC=arm-buildroot-linux-gnueabihf-gcc
ac_cv_prog_CPP='arm-buildroot-linux-gnueabihf-gcc -E'
ac_cv_prog_CXX=arm-buildroot-linux-gnueabihf-g++
ac_cv_prog_CXXCPP='arm-buildroot-linux-gnueabihf-g++ -E'
ac_cv_prog_OBJDUMP=arm-buildroot-linux-gnueabihf-objdump
ac_cv_prog_RANLIB=arm-buildroot-linux-gnueabihf-ranlib
ac_cv_prog_STRIP=arm-buildroot-linux-gnueabihf-strip
ac_cv_prog_ac_ct_MANIFEST_TOOL=mt
ac_cv_prog_cc_c89=
ac_cv_prog_cc_g=yes
ac_cv_prog_cxx_g=yes
ac_cv_prog_make_make_set=yes
ac_cv_search___atomic_fetch_add_4=-latomic
ac_cv_search_clock_gettime='none required'
ac_cv_search_pthread_create=-lpthread
ac_cv_type_nfds_t=yes
am_cv_CC_dependencies_compiler_type=gcc3
am_cv_CXX_dependencies_compiler_type=gcc3
am_cv_make_support_nested_variables=yes
am_cv_prog_cc_c_o=yes
lt_cv_ar_at_file=@
lt_cv_archive_cmds_need_lc=no
lt_cv_deplibs_check_method=pass_all
lt_cv_file_magic_cmd='$MAGIC_CMD'
lt_cv_file_magic_test_file=
lt_cv_ld_reload_flag=-r
lt_cv_nm_interface='BSD nm'
lt_cv_objdir=.libs
lt_cv_path_LD=/home/xuhao/work/100ask/imx6ull/100ask_imx6ull-sdk/ToolChain/arm-buildroot-linux-gnueabihf_sdk-buildroot/arm-buildroot-linux-gnueabihf/bin/ld
lt_cv_path_LDCXX=/home/xuhao/work/100ask/imx6ull/100ask_imx6ull-sdk/ToolChain/arm-buildroot-linux-gnueabihf_sdk-buildroot/arm-buildroot-linux-gnueabihf/bin/ld
lt_cv_path_NM='/home/xuhao/work/100ask/imx6ull/100ask_imx6ull-sdk/ToolChain/arm-buildroot-linux-gnueabihf_sdk-buildroot/bin/arm-buildroot-linux-gnueabihf-nm -B'
lt_cv_path_mainfest_tool=no
lt_cv_prog_compiler_c_o=yes
lt_cv_prog_compiler_c_o_CXX=yes
lt_cv_prog_compiler_c_o_RC=yes
lt_cv_prog_compiler_pic='-fPIC -DPIC'
lt_cv_prog_compiler_pic_CXX='-fPIC -DPIC'
lt_cv_prog_compiler_pic_works=yes
lt_cv_prog_compiler_pic_works_CXX=yes
lt_cv_prog_compiler_rtti_exceptions=no
lt_cv_prog_compiler_static_works=yes
lt_cv_prog_compiler_static_works_CXX=yes
lt_cv_prog_gnu_ld=yes
lt_cv_prog_gnu_ldcxx=yes
lt_cv_sharedlib_from_linklib_cmd='printf %s\n'
lt_cv_shlibpath_overrides_runpath=no
lt_cv_sys_global_symbol_pipe='sed -n -e '\''s/^.*[	 ]\([ABCDGIRSTW][ABCDGIRSTW]*\)[	 ][	 ]*\([_A-Za-z][_A-Za-z0-9]*\)$/\1 \2 \2/p'\'' | sed '\''/ __gnu_lto/d'\'''
lt_cv_sys_global_symbol_to_c_name_address='sed -n -e '\''s/^: \(.*\) .*$/  {"\1", (void *) 0},/p'\'' -e '\''s/^[ABCDGIRSTW][ABCDGIRSTW]* .* \(.*\)$/  {"\1", (void *) \&\1},/p'\'''
lt_cv_sys_global_symbol_to_c_name_address_lib_prefix='sed -n -e '\''s/^: \(.*\) .*$/  {"\1", (void *) 0},/p'\'' -e '\''s/^[ABCDGIRSTW][ABCDGIRSTW]* .* \(lib.*\)$/  {"\1", (void *) \&\1},/p'\'' -e '\''s/^[ABCDGIRSTW][ABCDGIRSTW]* .* \(.*\)$/  {"lib\1", (void *) \&\1},/p'\'''
lt_cv_sys_global_symbol_to_cdecl='sed -n -e '\''s/^T .* \(.*\)$/extern int \1();/p'\'' -e '\''s/^[ABCDGIRSTW][ABCDGIRSTW]* .* \(.*\)$/extern char \1;/p'\'''
lt_cv_sys_global_symbol_to_import=
lt_cv_sys_max_cmd_len=1572864
lt_cv_to_host_file_cmd=func_convert_file_noop
lt_cv_to_tool_file_cmd=func_convert_file_noop
lt_cv_truncate_bin='/usr/bin/dd bs=4096 count=1'

## ----------------- ##
## Output variables. ##
## ----------------- ##

ACLOCAL='${SHELL} /home/xuhao/work/100ask/linux-bsp-learning/notes/08-usb/libusb-1.0.26/missing aclocal-1.16'
AMDEPBACKSLASH='\'
AMDEP_FALSE='#'
AMDEP_TRUE=''
AMTAR='$${TAR-tar}'
AM_BACKSLASH='\'
AM_CFLAGS='-std=gnu11  -Wall -Wextra -Wshadow -Wunused -Wwrite-strings -Werror=format-security -Werror=implicit-function-declaration -Werror=implicit-int -Werror=init-self -Werror=missing-prototypes -Werror=strict-prototypes -Werror=undef -Werror=uninitialized'
AM_CPPFLAGS=''
AM_CXXFLAGS='-std=gnu++11  -Wall -Wextra -Wshadow -Wunused -Wwrite-strings -Werror=format-security -Werror=implicit-function-declaration -Werror=implicit-int -Werror=init-self -Werror=missing-prototypes -Werror=strict-prototypes -Werror=undef -Werror=uninitialized -Wmissing-declarations'
AM_DEFAULT_V='$(AM_DEFAULT_VERBOSITY)'
AM_DEFAULT_VERBOSITY='0'
AM_V='$(V)'
AR='arm-buildroot-linux-gnueabihf-ar'
AUTOCONF='${SHELL} /home/xuhao/work/100ask/linux-bsp-learning/notes/08-usb/libusb-1.0.26/missing autoconf'
AUTOHEADER='${SHELL} /home/xuhao/work/100ask/linux-bsp-learning/notes/08-usb/libusb-1.0.26/missing autoheader'
AUTOMAKE='${SHELL} /home/xuhao/work/100ask/linux-bsp-learning/notes/08-usb/libusb-1.0.26/missing automake-1.16'
AWK='gawk'
BUILD_EXAMPLES_FALSE=''
BUILD_EXAMPLES_TRUE='#'
BUILD_TESTS_FALSE=''
BUILD_TESTS_TRUE='#'
BUILD_UMOCKDEV_TEST_FALSE=''
BUILD_UMOCKDEV_TEST_TRUE='#'
CC='arm-buildroot-linux-gnueabihf-gcc'
CCDEPMODE='depmode=gcc3'
CFLAGS='-g -O2'
CPP='arm-buildroot-linux-gnueabihf-gcc -E'
CPPFLAGS=''
CREATE_IMPORT_LIB_FALSE=''
CREATE_IMPORT_LIB_TRUE='#'
CXX='arm-buildroot-linux-gnueabihf-g++'
CXXCPP='arm-buildroot-linux-gnueabihf-g++ -E'
CXXDEPMODE='depmode=gcc3'
CXXFLAGS='-g -O2'
CYGPATH_W='echo'
DEFS='-DHAVE_CONFIG_H'
DEPDIR='.deps'
DLLTOOL='false'
DOXYGEN_HTMLDIR='api-1.0'
DSYMUTIL=''
DUMPBIN=''
ECHO_C=''
ECHO_N='-n'
ECHO_T=''
EGREP='/usr/bin/grep -E'
EXEEXT=''
EXTRA_LDFLAGS=''
FGREP='/usr/bin/grep -F'
GREP='/usr/bin/grep'
INSTALL_DATA='${INSTALL} -m 644'
INSTALL_PROGRAM='${INSTALL}'
INSTALL_SCRIPT='${INSTALL}'
INSTALL_STRIP_PROGRAM='$(install_sh) -c -s'
LD='/home/xuhao/work/100ask/imx6ull/100ask_imx6ull-sdk/ToolChain/arm-buildroot-linux-gnueabihf_sdk-buildroot/arm-buildroot-linux-gnueabihf/bin/ld'
LDFLAGS=''
LIBOBJS=''
LIBS='-ludev -latomic -lpthread '
LIBTOOL='$(SHELL) $(top_builddir)/libtool'
LIPO=''
LN_S='ln -s'
LTLIBOBJS=''
LT_LDFLAGS='-version-info 3:0:3 -no-undefined'
LT_SYS_LIBRARY_PATH=''
MAKEINFO='${SHELL} /home/xuhao/work/100ask/linux-bsp-learning/notes/08-usb/libusb-1.0.26/missing makeinfo'
MANIFEST_TOOL=':'
MKDIR_P='/usr/bin/mkdir -p'
NM='/home/xuhao/work/100ask/imx6ull/100ask_imx6ull-sdk/ToolChain/arm-buildroot-linux-gnueabihf_sdk-buildroot/bin/arm-buildroot-linux-gnueabihf-nm -B'
NMEDIT=''
OBJDUMP='arm-buildroot-linux-gnueabihf-objdump'
OBJEXT='o'
OS_DARWIN_FALSE=''
OS_DARWIN_TRUE='#'
OS_HAIKU_FALSE=''
OS_HAIKU_TRUE='#'
OS_LINUX_FALSE='#'
OS_LINUX_TRUE=''
OS_NETBSD_FALSE=''
OS_NETBSD_TRUE='#'
OS_NULL_FALSE=''
OS_NULL_TRUE='#'
OS_OPENBSD_FALSE=''
OS_OPENBSD_TRUE='#'
OS_SUNOS_FALSE=''
OS_SUNOS_TRUE='#'
OS_WINDOWS_FALSE=''
OS_WINDOWS_TRUE='#'
OTOOL64=''
OTOOL=''
PACKAGE='libusb-1.0'
PACKAGE_BUGREPORT='libusb-devel@lists.sourceforge.net'
PACKAGE_NAME='libusb-1.0'
PACKAGE_STRING='libusb-1.0 1.0.26'
PACKAGE_TARNAME='libusb-1.0'
PACKAGE_URL='http://libusb.info'
PACKAGE_VERSION='1.0.26'
PATH_SEPARATOR=':'
PKG_CONFIG='/usr/bin/pkg-config'
PKG_CONFIG_LIBDIR=''
PKG_CONFIG_PATH=''
PLATFORM_POSIX_FALSE='#'
PLATFORM_POSIX_TRUE=''
PLATFORM_WINDOWS_FALSE=''
PLATFORM_WINDOWS_TRUE='#'
RANLIB='arm-buildroot-linux-gnueabihf-ranlib'
RC=''
SED='/usr/bin/sed'
SET_MAKE=''
SHELL='/bin/bash'
STRIP='arm-buildroot-linux-gnueabihf-strip'
THREAD_CFLAGS='-pthread'
THREAD_LIBS='-lpthread'
UMOCKDEV_CFLAGS=''
UMOCKDEV_HOTPLUG_CFLAGS=''
UMOCKDEV_HOTPLUG_LIBS=''
UMOCKDEV_LIBS=''
USE_UDEV_FALSE='#'
USE_UDEV_TRUE=''
VERSION='1.0.26'
ac_ct_AR=''
ac_ct_CC=''
ac_ct_CXX=''
ac_ct_DUMPBIN=''
am__EXEEXT_FALSE=''
am__EXEEXT_TRUE='#'
am__fastdepCC_FALSE='#'
am__fastdepCC_TRUE=''
am__fastdepCXX_FALSE='#'
am__fastdepCXX_TRUE=''
am__include='include'
am__isrc=''
am__leading_dot='.'
am__nodep='_no'
am__quote=''
am__tar='$${TAR-tar} chof - "$$tardir"'
am__untar='$${TAR-tar} xf -'
bindir='${exec_prefix}/bin'
build='x86_64-pc-linux-gnu'
build_alias=''
build_cpu='x86_64'
build_os='linux-gnu'
build_vendor='pc'
datadir='${datarootdir}'
datarootdir='${prefix}/share'
docdir='${datarootdir}/doc/${PACKAGE_TARNAME}'
dvidir='${docdir}'
exec_prefix='${prefix}'
host='arm-buildroot-linux-gnueabihf'
host_alias='arm-buildroot-linux-gnueabihf'
host_cpu='arm'
host_os='linux-gnueabihf'
host_vendor='buildroot'
htmldir='${docdir}'
includedir='${prefix}/include'
infodir='${datarootdir}/info'
install_sh='${SHELL} /home/xuhao/work/100ask/linux-bsp-learning/notes/08-usb/libusb-1.0.26/install-sh'
libdir='${exec_prefix}/lib'
libexecdir='${exec_prefix}/libexec'
localedir='${datarootdir}/locale'
localstatedir='${prefix}/var'
mandir='${datarootdir}/man'
mkdir_p='$(MKDIR_P)'
oldincludedir='/usr/include'
pdfdir='${docdir}'
prefix='/home/xuhao/work/100ask/linux-bsp-learning/notes/08-usb/libusb-1.0.26/tmp'
program_transform_name='s,x,x,'
psdir='${docdir}'
runstatedir='${localstatedir}/run'
sbindir='${exec_prefix}/sbin'
sharedstatedir='${prefix}/com'
sysconfdir='${prefix}/etc'
target_alias=''

## ----------- ##
## confdefs.h. ##
## ----------- ##

/* confdefs.h */
#define PACKAGE_NAME "libusb-1.0"
#define PACKAGE_TARNAME "libusb-1.0"
#define PACKAGE_VERSION "1.0.26"
#define PACKAGE_STRING "libusb-1.0 1.0.26"
#define PACKAGE_BUGREPORT "libusb-devel@lists.sourceforge.net"
#define PACKAGE_URL "http://libusb.info"
#define PACKAGE "libusb-1.0"
#define VERSION "1.0.26"
#define STDC_HEADERS 1
#define HAVE_SYS_TYPES_H 1
#define HAVE_SYS_STAT_H 1
#define HAVE_STDLIB_H 1
#define HAVE_STRING_H 1
#define HAVE_MEMORY_H 1
#define HAVE_STRINGS_H 1
#define HAVE_INTTYPES_H 1
#define HAVE_STDINT_H 1
#define HAVE_UNISTD_H 1
#define HAVE_DLFCN_H 1
#define LT_OBJDIR ".libs/"
#define _GNU_SOURCE 1
#define DEFAULT_VISIBILITY __attribute__ ((visibility ("default")))
#define PRINTF_FORMAT(a, b) __attribute__ ((__format__ (__printf__, a, b)))
#define PLATFORM_POSIX 1
#define HAVE_NFDS_T 1
#define HAVE_PIPE2 1
#define HAVE_PTHREAD_SETNAME_NP 1
#define HAVE_LIBUDEV 1
#define HAVE_SYS_TIME_H 1
#define HAVE_CLOCK_GETTIME 1
#define HAVE_PTHREAD_CONDATTR_SETCLOCK 1
#define HAVE_DECL_EFD_NONBLOCK 1
#define HAVE_DECL_EFD_CLOEXEC 1
#define HAVE_EVENTFD 1
#define HAVE_DECL_TFD_NONBLOCK 1
#define HAVE_DECL_TFD_CLOEXEC 1
#define HAVE_TIMERFD 1
#define ENABLE_LOGGING 1

configure: exit 0
